{
    "config1": {
        "prop1": "region1-config1-prop1",
        "prop2": "config1-prop2"
    },
    "config2": {
        "prop1": "config2-prop1"
    }
}
